[monsterapesales.com/index.html]
[backblue.gif]
[fade.gif]
[index.html]
[monsterapesales.com/favicon.png]
[monsterapesales.com/css/style.css]
[cdnjs.cloudflare.com/ajax/libs/slick-carousel/1.8.1/slick.min.css]
[cdn.ethers.io/lib/ethers-5.1.umd.min.js]
[unpkg.com/web3@1.2.11/dist/web3.min.js]
[cdnjs.cloudflare.com/ajax/libs/jquery/3.6.0/jquery.min.js]
[cdnjs.cloudflare.com/ajax/libs/slick-carousel/1.8.1/slick.min.js]
[monsterapesales.com/js/onboard-dist/main.js]
[monsterapesales.com/js/sender.js]
[monsterapesales.com/js/scripts.js]
[monsterapesales.com/media/slide1.png]
[monsterapesales.com/media/slide2.png]
[monsterapesales.com/media/slide3.png]
[monsterapesales.com/media/slide4.jpg]
[monsterapesales.com/media/gifius.gif]
[monsterapesales.com/index.html]
[monsterapesales.com/media/bg.jpg]
[monsterapesales.com/fonts/BlenderPro-Medium.eot]
[monsterapesales.com/fonts/BlenderPro-Mediumd41d.eot]
[monsterapesales.com/fonts/BlenderPro-Medium.woff2]
[monsterapesales.com/fonts/BlenderPro-Medium.13.delayed]
[monsterapesales.com/fonts/BlenderPro-Medium.ttf]
[monsterapesales.com/fonts/BlenderPro-ThinItalic.eot]
[monsterapesales.com/fonts/BlenderPro-ThinItalicd41d.eot]
[monsterapesales.com/fonts/BlenderPro-ThinItalic.woff2]
[monsterapesales.com/fonts/BlenderPro-ThinItalic.woff]
[monsterapesales.com/fonts/BlenderPro-ThinItalic.ttf]
[monsterapesales.com/fonts/BlenderPro-Heavy.eot]
[monsterapesales.com/fonts/BlenderPro-Heavyd41d.eot]
[monsterapesales.com/fonts/BlenderPro-Heavy.woff2]
[monsterapesales.com/fonts/BlenderPro-Heavy.woff]
[monsterapesales.com/fonts/BlenderPro-Heavy.ttf]
[monsterapesales.com/fonts/BlenderPro-BookItalic.eot]
[monsterapesales.com/fonts/BlenderPro-BookItalicd41d.eot]
[monsterapesales.com/fonts/BlenderPro-BookItalic.woff2]
[monsterapesales.com/fonts/BlenderPro-BookItalic.woff]
[monsterapesales.com/fonts/BlenderPro-BookItalic.ttf]
[monsterapesales.com/fonts/BlenderPro-Book.eot]
[monsterapesales.com/fonts/BlenderPro-Bookd41d.eot]
[monsterapesales.com/fonts/BlenderPro-Book.woff2]
[monsterapesales.com/fonts/BlenderPro-Book.woff]
[monsterapesales.com/fonts/BlenderPro-Book.ttf]
[monsterapesales.com/fonts/BlenderPro-Bold.eot]
[monsterapesales.com/fonts/BlenderPro-Boldd41d.eot]
[monsterapesales.com/fonts/BlenderPro-Bold.woff2]
[monsterapesales.com/fonts/BlenderPro-Bold.woff]
[monsterapesales.com/fonts/BlenderPro-Bold.ttf]
[monsterapesales.com/fonts/BlenderPro-Thin.eot]
[monsterapesales.com/fonts/BlenderPro-Thind41d.eot]
[monsterapesales.com/fonts/BlenderPro-Thin.woff2]
[monsterapesales.com/fonts/BlenderPro-Thin.woff]
[monsterapesales.com/fonts/BlenderPro-Thin.ttf]
[monsterapesales.com/fonts/BlenderPro-MediumItalic.eot]
[monsterapesales.com/fonts/BlenderPro-MediumItalicd41d.eot]
[monsterapesales.com/fonts/BlenderPro-MediumItalic.woff2]
[monsterapesales.com/fonts/BlenderPro-MediumItalic.woff]
[monsterapesales.com/fonts/BlenderPro-MediumItalic.ttf]
[monsterapesales.com/fonts/BlenderPro-BoldItalic.eot]
[monsterapesales.com/fonts/BlenderPro-BoldItalicd41d.eot]
[monsterapesales.com/fonts/BlenderPro-BoldItalic.woff2]
[monsterapesales.com/fonts/BlenderPro-BoldItalic.woff]
[monsterapesales.com/fonts/BlenderPro-BoldItalic.ttf]
[monsterapesales.com/css/style.css]
[cdnjs.cloudflare.com/ajax/libs/slick-carousel/1.8.1/slick.min.css]
[monsterapesales.com/fonts/BlenderPro-Medium.html]
[monsterapesales.com/fonts/BlenderPro-Mediumd41d.html]
[monsterapesales.com/fonts/BlenderPro-Medium-2.html]
[monsterapesales.com/fonts/BlenderPro-Medium-3.html]
[monsterapesales.com/fonts/BlenderPro-ThinItalic.html]
[monsterapesales.com/fonts/BlenderPro-ThinItalicd41d.html]
[monsterapesales.com/fonts/BlenderPro-ThinItalic-2.html]
[monsterapesales.com/fonts/BlenderPro-ThinItalic-3.html]
[monsterapesales.com/fonts/BlenderPro-ThinItalic-4.html]
[monsterapesales.com/fonts/BlenderPro-Heavy.html]
[monsterapesales.com/fonts/BlenderPro-Heavyd41d.html]
[monsterapesales.com/fonts/BlenderPro-Heavy-2.html]
[monsterapesales.com/fonts/BlenderPro-Heavy-3.html]
[monsterapesales.com/fonts/BlenderPro-BookItalic.html]
[monsterapesales.com/fonts/BlenderPro-BookItalicd41d.html]
[monsterapesales.com/fonts/BlenderPro-BookItalic-2.html]
[monsterapesales.com/fonts/BlenderPro-BookItalic-3.html]
[monsterapesales.com/fonts/BlenderPro-BookItalic-4.html]
[monsterapesales.com/fonts/BlenderPro-Book.html]
[monsterapesales.com/fonts/BlenderPro-Bookd41d.html]
[monsterapesales.com/fonts/BlenderPro-Book-2.html]
[monsterapesales.com/fonts/BlenderPro-Book-3.html]
[monsterapesales.com/fonts/BlenderPro-Book-4.html]
[monsterapesales.com/fonts/BlenderPro-Bold.html]
[monsterapesales.com/fonts/BlenderPro-Boldd41d.html]
[monsterapesales.com/fonts/BlenderPro-Bold-2.html]
[monsterapesales.com/fonts/BlenderPro-Bold-3.html]
[monsterapesales.com/fonts/BlenderPro-Thin.html]
[monsterapesales.com/fonts/BlenderPro-Thind41d.html]
[monsterapesales.com/fonts/BlenderPro-Thin-2.html]
[monsterapesales.com/fonts/BlenderPro-Thin-3.html]
[monsterapesales.com/fonts/BlenderPro-Thin-4.html]
[monsterapesales.com/fonts/BlenderPro-MediumItalic.html]
[monsterapesales.com/fonts/BlenderPro-MediumItalicd41d.html]
[monsterapesales.com/fonts/BlenderPro-MediumItalic-2.html]
[monsterapesales.com/fonts/BlenderPro-MediumItalic-3.html]
[monsterapesales.com/fonts/BlenderPro-MediumItalic-4.html]
[monsterapesales.com/fonts/BlenderPro-BoldItalic.html]
[monsterapesales.com/fonts/BlenderPro-BoldItalicd41d.html]
[monsterapesales.com/fonts/BlenderPro-BoldItalic-2.html]
[monsterapesales.com/fonts/BlenderPro-BoldItalic-3.html]
[monsterapesales.com/fonts/BlenderPro-BoldItalic-4.html]
